
=================================== ERRORS ====================================
____________ ERROR collecting tests/integration/test_ecosystem.py _____________
ImportError while importing test module 'C:\Users\hanji\Documents\github\RL_pj\indicator_machinlearning\tests\integration\test_ecosystem.py'.
Hint: make sure your test modules/packages have valid Python names.
Traceback:
..\..\..\..\AppData\Local\Programs\Python\Python310\lib\importlib\__init__.py:126: in import_module
    return _bootstrap._gcd_import(name[level:], package, level)
tests\integration\test_ecosystem.py:8: in <module>
    from src.config import config
E   ModuleNotFoundError: No module named 'src'
============================== warnings summary ===============================
..\..\..\..\AppData\Local\Programs\Python\Python310\lib\site-packages\pandas_datareader\compat\__init__.py:11
  C:\Users\hanji\AppData\Local\Programs\Python\Python310\lib\site-packages\pandas_datareader\compat\__init__.py:11: DeprecationWarning: distutils Version classes are deprecated. Use packaging.version instead.
    PANDAS_VERSION = LooseVersion(pd.__version__)

..\..\..\..\AppData\Local\Programs\Python\Python310\lib\site-packages\pandas_datareader\compat\__init__.py:13
  C:\Users\hanji\AppData\Local\Programs\Python\Python310\lib\site-packages\pandas_datareader\compat\__init__.py:13: DeprecationWarning: distutils Version classes are deprecated. Use packaging.version instead.
    PANDAS_0210 = PANDAS_VERSION >= LooseVersion("0.21.0")

..\..\..\..\AppData\Local\Programs\Python\Python310\lib\site-packages\pandas_datareader\compat\__init__.py:14
  C:\Users\hanji\AppData\Local\Programs\Python\Python310\lib\site-packages\pandas_datareader\compat\__init__.py:14: DeprecationWarning: distutils Version classes are deprecated. Use packaging.version instead.
    PANDAS_0220 = PANDAS_VERSION >= LooseVersion("0.22.0")

..\..\..\..\AppData\Local\Programs\Python\Python310\lib\site-packages\pandas_datareader\compat\__init__.py:15
  C:\Users\hanji\AppData\Local\Programs\Python\Python310\lib\site-packages\pandas_datareader\compat\__init__.py:15: DeprecationWarning: distutils Version classes are deprecated. Use packaging.version instead.
    PANDAS_0230 = PANDAS_VERSION >= LooseVersion("0.23.0")

-- Docs: https://docs.pytest.org/en/stable/how-to/capture-warnings.html
=========================== short test summary info ===========================
ERROR tests/integration/test_ecosystem.py
!!!!!!!!!!!!!!!!!!! Interrupted: 1 error during collection !!!!!!!!!!!!!!!!!!!!
4 warnings, 1 error in 2.93s
